## Footprint report - date Tue Jun 26 19:09:19 2018
## Created by Pcbnew version kicad 4.0.7-e2-6376~58~ubuntu16.04.1
## Unit = mm, Angle = deg.

$BeginDESCRIPTION

$BOARD
upper_left_corner 95.403999 53.824000
lower_right_corner 183.872000 135.636001
$EndBOARD

$MODULE "U2"
reference "U2"
value "MKL05Z8VLC4"
footprint "footprints:MKL05Z8VLC4"
attribut none
position 121.158000 108.966000  orientation 0.00
layer front
$PAD "1"
Shape Rect Layer front
position -4.140200 -2.799999  size  0.508000  1.422400  orientation 90.00
drill  0.000000
shape_offset  0.000000  0.000000
$EndPAD
$PAD "2"
Shape Rect Layer front
position -4.140200 -2.000001  size  0.508000  1.422400  orientation 90.00
drill  0.000000
shape_offset  0.000000  0.000000
$EndPAD
$PAD "3"
Shape Rect Layer front
position -4.140200 -1.200000  size  0.508000  1.422400  orientation 90.00
drill  0.000000
shape_offset  0.000000  0.000000
$EndPAD
$PAD "4"
Shape Rect Layer front
position -4.140200 -0.399999  size  0.508000  1.422400  orientation 90.00
drill  0.000000
shape_offset  0.000000  0.000000
$EndPAD
$PAD "5"
Shape Rect Layer front
position -4.140200  0.399999  size  0.508000  1.422400  orientation 90.00
drill  0.000000
shape_offset  0.000000  0.000000
$EndPAD
$PAD "6"
Shape Rect Layer front
position -4.140200  1.200000  size  0.508000  1.422400  orientation 90.00
drill  0.000000
shape_offset  0.000000  0.000000
$EndPAD
$PAD "7"
Shape Rect Layer front
position -4.140200  1.999999  size  0.508000  1.422400  orientation 90.00
drill  0.000000
shape_offset  0.000000  0.000000
$EndPAD
$PAD "8"
Shape Rect Layer front
position -4.140200  2.799999  size  0.508000  1.422400  orientation 90.00
drill  0.000000
shape_offset  0.000000  0.000000
$EndPAD
$PAD "9"
Shape Rect Layer front
position -2.799999  4.140200  size  0.508000  1.422400  orientation 0.00
drill  0.000000
shape_offset  0.000000  0.000000
$EndPAD
$PAD "10"
Shape Rect Layer front
position -2.000001  4.140200  size  0.508000  1.422400  orientation 0.00
drill  0.000000
shape_offset  0.000000  0.000000
$EndPAD
$PAD "11"
Shape Rect Layer front
position -1.200000  4.140200  size  0.508000  1.422400  orientation 0.00
drill  0.000000
shape_offset  0.000000  0.000000
$EndPAD
$PAD "12"
Shape Rect Layer front
position -0.399999  4.140200  size  0.508000  1.422400  orientation 0.00
drill  0.000000
shape_offset  0.000000  0.000000
$EndPAD
$PAD "13"
Shape Rect Layer front
position  0.399999  4.140200  size  0.508000  1.422400  orientation 0.00
drill  0.000000
shape_offset  0.000000  0.000000
$EndPAD
$PAD "14"
Shape Rect Layer front
position  1.200000  4.140200  size  0.508000  1.422400  orientation 0.00
drill  0.000000
shape_offset  0.000000  0.000000
$EndPAD
$PAD "15"
Shape Rect Layer front
position  1.999999  4.140200  size  0.508000  1.422400  orientation 0.00
drill  0.000000
shape_offset  0.000000  0.000000
$EndPAD
$PAD "16"
Shape Rect Layer front
position  2.799999  4.140200  size  0.508000  1.422400  orientation 0.00
drill  0.000000
shape_offset  0.000000  0.000000
$EndPAD
$PAD "17"
Shape Rect Layer front
position  4.140200  2.799999  size  0.508000  1.422400  orientation 90.00
drill  0.000000
shape_offset  0.000000  0.000000
$EndPAD
$PAD "18"
Shape Rect Layer front
position  4.140200  2.000001  size  0.508000  1.422400  orientation 90.00
drill  0.000000
shape_offset  0.000000  0.000000
$EndPAD
$PAD "19"
Shape Rect Layer front
position  4.140200  1.200000  size  0.508000  1.422400  orientation 90.00
drill  0.000000
shape_offset  0.000000  0.000000
$EndPAD
$PAD "20"
Shape Rect Layer front
position  4.140200  0.399999  size  0.508000  1.422400  orientation 90.00
drill  0.000000
shape_offset  0.000000  0.000000
$EndPAD
$PAD "21"
Shape Rect Layer front
position  4.140200 -0.399999  size  0.508000  1.422400  orientation 90.00
drill  0.000000
shape_offset  0.000000  0.000000
$EndPAD
$PAD "22"
Shape Rect Layer front
position  4.140200 -1.200000  size  0.508000  1.422400  orientation 90.00
drill  0.000000
shape_offset  0.000000  0.000000
$EndPAD
$PAD "23"
Shape Rect Layer front
position  4.140200 -1.999999  size  0.508000  1.422400  orientation 90.00
drill  0.000000
shape_offset  0.000000  0.000000
$EndPAD
$PAD "24"
Shape Rect Layer front
position  4.140200 -2.799999  size  0.508000  1.422400  orientation 90.00
drill  0.000000
shape_offset  0.000000  0.000000
$EndPAD
$PAD "25"
Shape Rect Layer front
position  2.799999 -4.140200  size  0.508000  1.422400  orientation 0.00
drill  0.000000
shape_offset  0.000000  0.000000
$EndPAD
$PAD "26"
Shape Rect Layer front
position  2.000001 -4.140200  size  0.508000  1.422400  orientation 0.00
drill  0.000000
shape_offset  0.000000  0.000000
$EndPAD
$PAD "27"
Shape Rect Layer front
position  1.200000 -4.140200  size  0.508000  1.422400  orientation 0.00
drill  0.000000
shape_offset  0.000000  0.000000
$EndPAD
$PAD "28"
Shape Rect Layer front
position  0.399999 -4.140200  size  0.508000  1.422400  orientation 0.00
drill  0.000000
shape_offset  0.000000  0.000000
$EndPAD
$PAD "29"
Shape Rect Layer front
position -0.399999 -4.140200  size  0.508000  1.422400  orientation 0.00
drill  0.000000
shape_offset  0.000000  0.000000
$EndPAD
$PAD "30"
Shape Rect Layer front
position -1.200000 -4.140200  size  0.508000  1.422400  orientation 0.00
drill  0.000000
shape_offset  0.000000  0.000000
$EndPAD
$PAD "31"
Shape Rect Layer front
position -1.999999 -4.140200  size  0.508000  1.422400  orientation 0.00
drill  0.000000
shape_offset  0.000000  0.000000
$EndPAD
$PAD "32"
Shape Rect Layer front
position -2.799999 -4.140200  size  0.508000  1.422400  orientation 0.00
drill  0.000000
shape_offset  0.000000  0.000000
$EndPAD
$EndMODULE  U2

$MODULE "U1"
reference "U1"
value "SN65HVD72DRBT"
footprint "Housings_SOIC:SOIC-8_3.9x4.9mm_Pitch1.27mm"
attribut smd
position 136.398000 110.744000  orientation 0.00
layer front
$PAD "1"
Shape Rect Layer front
position -2.700000 -1.905000  size  1.550000  0.600000  orientation 0.00
drill  0.000000
shape_offset  0.000000  0.000000
$EndPAD
$PAD "2"
Shape Rect Layer front
position -2.700000 -0.635000  size  1.550000  0.600000  orientation 0.00
drill  0.000000
shape_offset  0.000000  0.000000
$EndPAD
$PAD "3"
Shape Rect Layer front
position -2.700000  0.635000  size  1.550000  0.600000  orientation 0.00
drill  0.000000
shape_offset  0.000000  0.000000
$EndPAD
$PAD "4"
Shape Rect Layer front
position -2.700000  1.905000  size  1.550000  0.600000  orientation 0.00
drill  0.000000
shape_offset  0.000000  0.000000
$EndPAD
$PAD "5"
Shape Rect Layer front
position  2.700000  1.905000  size  1.550000  0.600000  orientation 0.00
drill  0.000000
shape_offset  0.000000  0.000000
$EndPAD
$PAD "6"
Shape Rect Layer front
position  2.700000  0.635000  size  1.550000  0.600000  orientation 0.00
drill  0.000000
shape_offset  0.000000  0.000000
$EndPAD
$PAD "7"
Shape Rect Layer front
position  2.700000 -0.635000  size  1.550000  0.600000  orientation 0.00
drill  0.000000
shape_offset  0.000000  0.000000
$EndPAD
$PAD "8"
Shape Rect Layer front
position  2.700000 -1.905000  size  1.550000  0.600000  orientation 0.00
drill  0.000000
shape_offset  0.000000  0.000000
$EndPAD
$EndMODULE  U1

$MODULE "D1"
reference "D1"
value "TVS"
footprint "SMD_Packages:SMD-4032"
attribut smd
position 157.480000 122.682000  orientation 90.00
layer front
$PAD "1"
Shape Rect Layer front
position -3.683000  0.000000  size  1.270000  3.302000  orientation 0.00
drill  0.000000
shape_offset  0.000000  0.000000
$EndPAD
$PAD "2"
Shape Rect Layer front
position  3.683000  0.000000  size  1.270000  3.302000  orientation 0.00
drill  0.000000
shape_offset  0.000000  0.000000
$EndPAD
$EndMODULE  D1

$MODULE "D2"
reference "D2"
value "TVS"
footprint "SMD_Packages:SMD-4032"
attribut smd
position 156.972000 101.600000  orientation 90.00
layer front
$PAD "1"
Shape Rect Layer front
position -3.683000  0.000000  size  1.270000  3.302000  orientation 0.00
drill  0.000000
shape_offset  0.000000  0.000000
$EndPAD
$PAD "2"
Shape Rect Layer front
position  3.683000  0.000000  size  1.270000  3.302000  orientation 0.00
drill  0.000000
shape_offset  0.000000  0.000000
$EndPAD
$EndMODULE  D2

$MODULE "R1"
reference "R1"
value "10"
footprint "SMD_Packages:SMD-4032"
attribut smd
position 149.606000 116.840000  orientation 180.00
layer front
$PAD "1"
Shape Rect Layer front
position -3.683000  0.000000  size  1.270000  3.302000  orientation 0.00
drill  0.000000
shape_offset  0.000000  0.000000
$EndPAD
$PAD "2"
Shape Rect Layer front
position  3.683000  0.000000  size  1.270000  3.302000  orientation 0.00
drill  0.000000
shape_offset  0.000000  0.000000
$EndPAD
$EndMODULE  R1

$MODULE "R2"
reference "R2"
value "10"
footprint "SMD_Packages:SMD-4032"
attribut smd
position 149.606000 109.728000  orientation 180.00
layer front
$PAD "1"
Shape Rect Layer front
position -3.683000  0.000000  size  1.270000  3.302000  orientation 0.00
drill  0.000000
shape_offset  0.000000  0.000000
$EndPAD
$PAD "2"
Shape Rect Layer front
position  3.683000  0.000000  size  1.270000  3.302000  orientation 0.00
drill  0.000000
shape_offset  0.000000  0.000000
$EndPAD
$EndMODULE  R2

$MODULE "C1"
reference "C1"
value "1 uF"
footprint "Capacitors_SMD:C_0805"
attribut smd
position 140.970000 100.584000  orientation 0.00
layer front
$PAD "1"
Shape Rect Layer front
position -1.000000  0.000000  size  1.000000  1.250000  orientation 0.00
drill  0.000000
shape_offset  0.000000  0.000000
$EndPAD
$PAD "2"
Shape Rect Layer front
position  1.000000  0.000000  size  1.000000  1.250000  orientation 0.00
drill  0.000000
shape_offset  0.000000  0.000000
$EndPAD
$EndMODULE  C1

$MODULE "C2"
reference "C2"
value "0.1 uF"
footprint "Capacitors_SMD:C_0805"
attribut smd
position 113.284000 104.902000  orientation 90.00
layer front
$PAD "1"
Shape Rect Layer front
position -1.000000  0.000000  size  1.000000  1.250000  orientation 0.00
drill  0.000000
shape_offset  0.000000  0.000000
$EndPAD
$PAD "2"
Shape Rect Layer front
position  1.000000  0.000000  size  1.000000  1.250000  orientation 0.00
drill  0.000000
shape_offset  0.000000  0.000000
$EndPAD
$EndMODULE  C2

$MODULE "C3"
reference "C3"
value "0.1 uF"
footprint "Capacitors_SMD:C_0805"
attribut smd
position 113.284000 108.712000  orientation 270.00
layer front
$PAD "1"
Shape Rect Layer front
position -1.000000  0.000000  size  1.000000  1.250000  orientation 0.00
drill  0.000000
shape_offset  0.000000  0.000000
$EndPAD
$PAD "2"
Shape Rect Layer front
position  1.000000  0.000000  size  1.000000  1.250000  orientation 0.00
drill  0.000000
shape_offset  0.000000  0.000000
$EndPAD
$EndMODULE  C3

$MODULE "C4"
reference "C4"
value "1 uF"
footprint "Capacitors_SMD:C_0805"
attribut smd
position 115.062000 81.788000  orientation 270.00
layer front
$PAD "1"
Shape Rect Layer front
position -1.000000  0.000000  size  1.000000  1.250000  orientation 0.00
drill  0.000000
shape_offset  0.000000  0.000000
$EndPAD
$PAD "2"
Shape Rect Layer front
position  1.000000  0.000000  size  1.000000  1.250000  orientation 0.00
drill  0.000000
shape_offset  0.000000  0.000000
$EndPAD
$EndMODULE  C4

$MODULE "C5"
reference "C5"
value "15 nF"
footprint "Capacitors_SMD:C_0603"
attribut smd
position 121.158000 88.138000  orientation 90.00
layer front
$PAD "1"
Shape Rect Layer front
position -0.750000  0.000000  size  0.800000  0.750000  orientation 0.00
drill  0.000000
shape_offset  0.000000  0.000000
$EndPAD
$PAD "2"
Shape Rect Layer front
position  0.750000  0.000000  size  0.800000  0.750000  orientation 0.00
drill  0.000000
shape_offset  0.000000  0.000000
$EndPAD
$EndMODULE  C5

$MODULE "C6"
reference "C6"
value "2u2"
footprint "Capacitors_SMD:C_0805"
attribut smd
position 116.840000 95.250000  orientation 270.00
layer front
$PAD "1"
Shape Rect Layer front
position -1.000000  0.000000  size  1.000000  1.250000  orientation 0.00
drill  0.000000
shape_offset  0.000000  0.000000
$EndPAD
$PAD "2"
Shape Rect Layer front
position  1.000000  0.000000  size  1.000000  1.250000  orientation 0.00
drill  0.000000
shape_offset  0.000000  0.000000
$EndPAD
$EndMODULE  C6

$MODULE "C7"
reference "C7"
value "22 uF"
footprint "Capacitors_SMD:C_1210"
attribut smd
position 152.400000 86.868000  orientation 270.00
layer front
$PAD "1"
Shape Rect Layer front
position -1.500000  0.000000  size  1.000000  2.500000  orientation 0.00
drill  0.000000
shape_offset  0.000000  0.000000
$EndPAD
$PAD "2"
Shape Rect Layer front
position  1.500000  0.000000  size  1.000000  2.500000  orientation 0.00
drill  0.000000
shape_offset  0.000000  0.000000
$EndPAD
$EndMODULE  C7

$MODULE "D3"
reference "D3"
value "SS16"
footprint "Diodes_SMD:SMA_Standard"
attribut smd
position 125.984000 90.424000  orientation 270.00
layer front
$PAD "1"
Shape Rect Layer front
position -1.000000  0.000000  size  2.000000  1.000000  orientation 0.00
drill  0.000000
shape_offset  0.000000  0.000000
$EndPAD
$PAD "2"
Shape Rect Layer front
position  1.000000  0.000000  size  2.000000  1.000000  orientation 0.00
drill  0.000000
shape_offset  0.000000  0.000000
$EndPAD
$EndMODULE  D3

$MODULE "L1"
reference "L1"
value "39 uH"
footprint "Choke_SMD:Choke_SMD_Wuerth-WE-PD-Typ-LS"
attribut smd
position 137.414000 87.630000  orientation 0.00
layer front
$PAD "1"
Shape Rect Layer front
position -4.950460  0.000000  size  2.900680  5.400040  orientation 0.00
drill  0.000000
shape_offset  0.000000  0.000000
$EndPAD
$PAD "2"
Shape Rect Layer front
position  4.950460  0.000000  size  2.900680  5.400040  orientation 0.00
drill  0.000000
shape_offset  0.000000  0.000000
$EndPAD
$EndMODULE  L1

$MODULE "P1"
reference "P1"
value "SWI"
footprint "Pin_Headers:Pin_Header_Straight_1x08"
attribut none
position 117.094000 123.698000  orientation 90.00
layer front
$PAD "1"
Shape Rect Layer both
position  0.000000  0.000000  size  2.000000  1.000000  orientation 0.00
drill  1.000000
shape_offset  0.000000  0.000000
$EndPAD
$PAD "2"
Shape Oval Layer both
position  0.000000  2.000000  size  2.000000  1.000000  orientation 0.00
drill  1.000000
shape_offset  0.000000  0.000000
$EndPAD
$PAD "3"
Shape Oval Layer both
position  0.000000  5.000000  size  2.000000  1.000000  orientation 0.00
drill  1.000000
shape_offset  0.000000  0.000000
$EndPAD
$PAD "4"
Shape Oval Layer both
position  0.000000  7.000000  size  2.000000  1.000000  orientation 0.00
drill  1.000000
shape_offset  0.000000  0.000000
$EndPAD
$PAD "5"
Shape Oval Layer both
position  0.000000 10.000000  size  2.000000  1.000000  orientation 0.00
drill  1.000000
shape_offset  0.000000  0.000000
$EndPAD
$PAD "6"
Shape Oval Layer both
position  0.000000 12.000000  size  2.000000  1.000000  orientation 0.00
drill  1.000000
shape_offset  0.000000  0.000000
$EndPAD
$PAD "7"
Shape Oval Layer both
position  0.000000 15.000000  size  2.000000  1.000000  orientation 0.00
drill  1.000000
shape_offset  0.000000  0.000000
$EndPAD
$PAD "8"
Shape Oval Layer both
position  0.000000 17.000000  size  2.000000  1.000000  orientation 0.00
drill  1.000000
shape_offset  0.000000  0.000000
$EndPAD
$EndMODULE  P1

$MODULE "R3"
reference "R3"
value "1k54"
footprint "Resistors_SMD:R_0603"
attribut smd
position 147.066000 85.852000  orientation 270.00
layer front
$PAD "1"
Shape Rect Layer front
position -0.750000  0.000000  size  0.500000  0.900000  orientation 0.00
drill  0.000000
shape_offset  0.000000  0.000000
$EndPAD
$PAD "2"
Shape Rect Layer front
position  0.750000  0.000000  size  0.500000  0.900000  orientation 0.00
drill  0.000000
shape_offset  0.000000  0.000000
$EndPAD
$EndMODULE  R3

$MODULE "R4"
reference "R4"
value "976"
footprint "Resistors_SMD:R_0603"
attribut smd
position 146.812000 91.186000  orientation 90.00
layer front
$PAD "1"
Shape Rect Layer front
position -0.750000  0.000000  size  0.500000  0.900000  orientation 0.00
drill  0.000000
shape_offset  0.000000  0.000000
$EndPAD
$PAD "2"
Shape Rect Layer front
position  0.750000  0.000000  size  0.500000  0.900000  orientation 0.00
drill  0.000000
shape_offset  0.000000  0.000000
$EndPAD
$EndMODULE  R4

$MODULE "U3"
reference "U3"
value "LM22671"
footprint "footprints:LM22671MRE-ADJ"
attribut none
position 115.570000 88.392000  orientation 270.00
layer front
$PAD "1"
Shape Rect Layer front
position -2.654300 -1.905000  size  1.600200  0.533400  orientation 0.00
drill  0.000000
shape_offset  0.000000  0.000000
$EndPAD
$PAD "2"
Shape Rect Layer front
position -2.654300 -0.635000  size  1.600200  0.533400  orientation 0.00
drill  0.000000
shape_offset  0.000000  0.000000
$EndPAD
$PAD "3"
Shape Rect Layer front
position -2.654300  0.635000  size  1.600200  0.533400  orientation 0.00
drill  0.000000
shape_offset  0.000000  0.000000
$EndPAD
$PAD "4"
Shape Rect Layer front
position -2.654300  1.905000  size  1.600200  0.533400  orientation 0.00
drill  0.000000
shape_offset  0.000000  0.000000
$EndPAD
$PAD "5"
Shape Rect Layer front
position  2.654300  1.905000  size  1.600200  0.533400  orientation 0.00
drill  0.000000
shape_offset  0.000000  0.000000
$EndPAD
$PAD "6"
Shape Rect Layer front
position  2.654300  0.635000  size  1.600200  0.533400  orientation 0.00
drill  0.000000
shape_offset  0.000000  0.000000
$EndPAD
$PAD "7"
Shape Rect Layer front
position  2.654300 -0.635000  size  1.600200  0.533400  orientation 0.00
drill  0.000000
shape_offset  0.000000  0.000000
$EndPAD
$PAD "8"
Shape Rect Layer front
position  2.654300 -1.905000  size  1.600200  0.533400  orientation 0.00
drill  0.000000
shape_offset  0.000000  0.000000
$EndPAD
$PAD "EPAD"
Shape Rect Layer front
position  0.000000  0.000000  size  2.413000  3.098800  orientation 0.00
drill  0.000000
shape_offset  0.000000  0.000000
$EndPAD
$EndMODULE  U3

$MODULE "X1"
reference "X1"
value "32.768 KHZ"
footprint "digikey-footprints:1206"
attribut none
position 108.458000 111.252000  orientation 270.00
layer front
$PAD "1"
Shape Rect Layer front
position -1.800000  0.000000  size  1.500000  1.800000  orientation 0.00
drill  0.000000
shape_offset  0.000000  0.000000
$EndPAD
$PAD "2"
Shape Rect Layer front
position  1.800000  0.000000  size  1.500000  1.800000  orientation 0.00
drill  0.000000
shape_offset  0.000000  0.000000
$EndPAD
$EndMODULE  X1

$EndDESCRIPTION
